This is pdfTeX, Version 3.141592653-2.6-1.40.29 (TeX Live 2026/Homebrew) (preloaded format=pdflatex 2026.3.4)  30 SEP 2026 17:29
entering extended mode
 restricted \write18 enabled.
 %&-line parsing enabled.
**report.tex
(./report.tex
LaTeX2e <2025-11-01>
L3 programming layer <2026-01-19>

(/opt/homebrew/Cellar/texlive/20260301/share/texmf-dist/tex/latex/extsizes/exta
rticle.cls
Document Class: extarticle 1996/10/08 v1.0 Non Standard LaTeX document class

(/opt/homebrew/Cellar/texlive/20260301/share/texmf-dist/tex/latex/extsizes/size
14.clo
File: size14.clo 1999/11/11 v1.4a NON-Standard LaTeX file (size option)
)
(/opt/homebrew/Cellar/texlive/20260301/share/texmf-dist/tex/latex/base/exscale.
sty
Package: exscale 2025/06/05 v2.1i Standard LaTeX package exscale
LaTeX Font Info:    Redeclaring symbol font `largesymbols' on input line 57.
LaTeX Font Info:    Overwriting symbol font `largesymbols' in version `normal'
(Font)                  OMX/cmex/m/n --> OMX/cmex/m/n on input line 57.
LaTeX Font Info:    Overwriting symbol font `largesymbols' in version `bold'
(Font)                  OMX/cmex/m/n --> OMX/cmex/m/n on input line 57.
\big@size=\dimen148
)
\c@part=\count275
\c@section=\count276
\c@subsection=\count277
\c@subsubsection=\count278
\c@paragraph=\count279
\c@subparagraph=\count280
\c@figure=\count281
\c@table=\count282
\abovecaptionskip=\skip49
\belowcaptionskip=\skip50
\bibindent=\dimen149
)
(/opt/homebrew/Cellar/texlive/20260301/share/texmf-dist/tex/latex/base/inputenc
.sty
Package: inputenc 2024/02/08 v1.3d Input encoding file
\inpenc@prehook=\toks17
\inpenc@posthook=\toks18
)
(/opt/homebrew/Cellar/texlive/20260301/share/texmf-dist/tex/latex/base/fontenc.
sty
Package: fontenc 2025/07/18 v2.1d Standard LaTeX package

(/opt/homebrew/Cellar/texlive/20260301/share/texmf-dist/tex/latex/cyrillic/t2ae
nc.def
File: t2aenc.def 2023/11/07 v1.0k Cyrillic encoding definition file
Now handling font encoding T2A ...
... processing UTF-8 mapping file for font encoding T2A

(/opt/homebrew/Cellar/texlive/20260301/share/texmf-dist/tex/latex/base/t2aenc.d
fu
File: t2aenc.dfu 2022/06/07 v1.3c UTF-8 support
   defining Unicode char U+00A4 (decimal 164)
   defining Unicode char U+00A7 (decimal 167)
   defining Unicode char U+00AB (decimal 171)
   defining Unicode char U+00BB (decimal 187)
   defining Unicode char U+0131 (decimal 305)
   defining Unicode char U+0237 (decimal 567)
   defining Unicode char U+0400 (decimal 1024)
   defining Unicode char U+0401 (decimal 1025)
   defining Unicode char U+0402 (decimal 1026)
   defining Unicode char U+0403 (decimal 1027)
   defining Unicode char U+0404 (decimal 1028)
   defining Unicode char U+0405 (decimal 1029)
   defining Unicode char U+0406 (decimal 1030)
   defining Unicode char U+0407 (decimal 1031)
   defining Unicode char U+0408 (decimal 1032)
   defining Unicode char U+0409 (decimal 1033)
   defining Unicode char U+040A (decimal 1034)
   defining Unicode char U+040B (decimal 1035)
   defining Unicode char U+040C (decimal 1036)
   defining Unicode char U+040D (decimal 1037)
   defining Unicode char U+040E (decimal 1038)
   defining Unicode char U+040F (decimal 1039)
   defining Unicode char U+0410 (decimal 1040)
   defining Unicode char U+0411 (decimal 1041)
   defining Unicode char U+0412 (decimal 1042)
   defining Unicode char U+0413 (decimal 1043)
   defining Unicode char U+0414 (decimal 1044)
   defining Unicode char U+0415 (decimal 1045)
   defining Unicode char U+0416 (decimal 1046)
   defining Unicode char U+0417 (decimal 1047)
   defining Unicode char U+0418 (decimal 1048)
   defining Unicode char U+0419 (decimal 1049)
   defining Unicode char U+041A (decimal 1050)
   defining Unicode char U+041B (decimal 1051)
   defining Unicode char U+041C (decimal 1052)
   defining Unicode char U+041D (decimal 1053)
   defining Unicode char U+041E (decimal 1054)
   defining Unicode char U+041F (decimal 1055)
   defining Unicode char U+0420 (decimal 1056)
   defining Unicode char U+0421 (decimal 1057)
   defining Unicode char U+0422 (decimal 1058)
   defining Unicode char U+0423 (decimal 1059)
   defining Unicode char U+0424 (decimal 1060)
   defining Unicode char U+0425 (decimal 1061)
   defining Unicode char U+0426 (decimal 1062)
   defining Unicode char U+0427 (decimal 1063)
   defining Unicode char U+0428 (decimal 1064)
   defining Unicode char U+0429 (decimal 1065)
   defining Unicode char U+042A (decimal 1066)
   defining Unicode char U+042B (decimal 1067)
   defining Unicode char U+042C (decimal 1068)
   defining Unicode char U+042D (decimal 1069)
   defining Unicode char U+042E (decimal 1070)
   defining Unicode char U+042F (decimal 1071)
   defining Unicode char U+0430 (decimal 1072)
   defining Unicode char U+0431 (decimal 1073)
   defining Unicode char U+0432 (decimal 1074)
   defining Unicode char U+0433 (decimal 1075)
   defining Unicode char U+0434 (decimal 1076)
   defining Unicode char U+0435 (decimal 1077)
   defining Unicode char U+0436 (decimal 1078)
   defining Unicode char U+0437 (decimal 1079)
   defining Unicode char U+0438 (decimal 1080)
   defining Unicode char U+0439 (decimal 1081)
   defining Unicode char U+043A (decimal 1082)
   defining Unicode char U+043B (decimal 1083)
   defining Unicode char U+043C (decimal 1084)
   defining Unicode char U+043D (decimal 1085)
   defining Unicode char U+043E (decimal 1086)
   defining Unicode char U+043F (decimal 1087)
   defining Unicode char U+0440 (decimal 1088)
   defining Unicode char U+0441 (decimal 1089)
   defining Unicode char U+0442 (decimal 1090)
   defining Unicode char U+0443 (decimal 1091)
   defining Unicode char U+0444 (decimal 1092)
   defining Unicode char U+0445 (decimal 1093)
   defining Unicode char U+0446 (decimal 1094)
   defining Unicode char U+0447 (decimal 1095)
   defining Unicode char U+0448 (decimal 1096)
   defining Unicode char U+0449 (decimal 1097)
   defining Unicode char U+044A (decimal 1098)
   defining Unicode char U+044B (decimal 1099)
   defining Unicode char U+044C (decimal 1100)
   defining Unicode char U+044D (decimal 1101)
   defining Unicode char U+044E (decimal 1102)
   defining Unicode char U+044F (decimal 1103)
   defining Unicode char U+0450 (decimal 1104)
   defining Unicode char U+0451 (decimal 1105)
   defining Unicode char U+0452 (decimal 1106)
   defining Unicode char U+0453 (decimal 1107)
   defining Unicode char U+0454 (decimal 1108)
   defining Unicode char U+0455 (decimal 1109)
   defining Unicode char U+0456 (decimal 1110)
   defining Unicode char U+0457 (decimal 1111)
   defining Unicode char U+0458 (decimal 1112)
   defining Unicode char U+0459 (decimal 1113)
   defining Unicode char U+045A (decimal 1114)
   defining Unicode char U+045B (decimal 1115)
   defining Unicode char U+045C (decimal 1116)
   defining Unicode char U+045D (decimal 1117)
   defining Unicode char U+045E (decimal 1118)
   defining Unicode char U+045F (decimal 1119)
   defining Unicode char U+0490 (decimal 1168)
   defining Unicode char U+0491 (decimal 1169)
   defining Unicode char U+0492 (decimal 1170)
   defining Unicode char U+0493 (decimal 1171)
   defining Unicode char U+0496 (decimal 1174)
   defining Unicode char U+0497 (decimal 1175)
   defining Unicode char U+0498 (decimal 1176)
   defining Unicode char U+0499 (decimal 1177)
   defining Unicode char U+049A (decimal 1178)
   defining Unicode char U+049B (decimal 1179)
   defining Unicode char U+049C (decimal 1180)
   defining Unicode char U+049D (decimal 1181)
   defining Unicode char U+04A0 (decimal 1184)
   defining Unicode char U+04A1 (decimal 1185)
   defining Unicode char U+04A2 (decimal 1186)
   defining Unicode char U+04A3 (decimal 1187)
   defining Unicode char U+04A4 (decimal 1188)
   defining Unicode char U+04A5 (decimal 1189)
   defining Unicode char U+04AA (decimal 1194)
   defining Unicode char U+04AB (decimal 1195)
   defining Unicode char U+04AE (decimal 1198)
   defining Unicode char U+04AF (decimal 1199)
   defining Unicode char U+04B0 (decimal 1200)
   defining Unicode char U+04B1 (decimal 1201)
   defining Unicode char U+04B2 (decimal 1202)
   defining Unicode char U+04B3 (decimal 1203)
   defining Unicode char U+04B6 (decimal 1206)
   defining Unicode char U+04B7 (decimal 1207)
   defining Unicode char U+04B8 (decimal 1208)
   defining Unicode char U+04B9 (decimal 1209)
   defining Unicode char U+04BA (decimal 1210)
   defining Unicode char U+04BB (decimal 1211)
   defining Unicode char U+04C0 (decimal 1216)
   defining Unicode char U+04C1 (decimal 1217)
   defining Unicode char U+04C2 (decimal 1218)
   defining Unicode char U+04D0 (decimal 1232)
   defining Unicode char U+04D1 (decimal 1233)
   defining Unicode char U+04D2 (decimal 1234)
   defining Unicode char U+04D3 (decimal 1235)
   defining Unicode char U+04D4 (decimal 1236)
   defining Unicode char U+04D5 (decimal 1237)
   defining Unicode char U+04D6 (decimal 1238)
   defining Unicode char U+04D7 (decimal 1239)
   defining Unicode char U+04D8 (decimal 1240)
   defining Unicode char U+04D9 (decimal 1241)
   defining Unicode char U+04DA (decimal 1242)
   defining Unicode char U+04DB (decimal 1243)
   defining Unicode char U+04DC (decimal 1244)
   defining Unicode char U+04DD (decimal 1245)
   defining Unicode char U+04DE (decimal 1246)
   defining Unicode char U+04DF (decimal 1247)
   defining Unicode char U+04E2 (decimal 1250)
   defining Unicode char U+04E3 (decimal 1251)
   defining Unicode char U+04E4 (decimal 1252)
   defining Unicode char U+04E5 (decimal 1253)
   defining Unicode char U+04E6 (decimal 1254)
   defining Unicode char U+04E7 (decimal 1255)
   defining Unicode char U+04E8 (decimal 1256)
   defining Unicode char U+04E9 (decimal 1257)
   defining Unicode char U+04EC (decimal 1260)
   defining Unicode char U+04ED (decimal 1261)
   defining Unicode char U+04EE (decimal 1262)
   defining Unicode char U+04EF (decimal 1263)
   defining Unicode char U+04F0 (decimal 1264)
   defining Unicode char U+04F1 (decimal 1265)
   defining Unicode char U+04F2 (decimal 1266)
   defining Unicode char U+04F3 (decimal 1267)
   defining Unicode char U+04F4 (decimal 1268)
   defining Unicode char U+04F5 (decimal 1269)
   defining Unicode char U+04F8 (decimal 1272)
   defining Unicode char U+04F9 (decimal 1273)
   defining Unicode char U+200C (decimal 8204)
   defining Unicode char U+2013 (decimal 8211)
   defining Unicode char U+2014 (decimal 8212)
   defining Unicode char U+2018 (decimal 8216)
   defining Unicode char U+2019 (decimal 8217)
   defining Unicode char U+201C (decimal 8220)
   defining Unicode char U+201D (decimal 8221)
   defining Unicode char U+201E (decimal 8222)
   defining Unicode char U+2030 (decimal 8240)
   defining Unicode char U+2031 (decimal 8241)
   defining Unicode char U+2116 (decimal 8470)
   defining Unicode char U+2329 (decimal 9001)
   defining Unicode char U+3008 (decimal 12296)
   defining Unicode char U+232A (decimal 9002)
   defining Unicode char U+3009 (decimal 12297)
   defining Unicode char U+2423 (decimal 9251)
   defining Unicode char U+27E8 (decimal 10216)
   defining Unicode char U+27E9 (decimal 10217)
   defining Unicode char U+FB00 (decimal 64256)
   defining Unicode char U+FB01 (decimal 64257)
   defining Unicode char U+FB02 (decimal 64258)
   defining Unicode char U+FB03 (decimal 64259)
   defining Unicode char U+FB04 (decimal 64260)
   defining Unicode char U+FB05 (decimal 64261)
   defining Unicode char U+FB06 (decimal 64262)
))
LaTeX Font Info:    Trying to load font information for T2A+cmr on input line 1
16.

(/opt/homebrew/Cellar/texlive/20260301/share/texmf-dist/tex/latex/cyrillic/t2ac
mr.fd
File: t2acmr.fd 2001/08/11 v1.0a Computer Modern Cyrillic font definitions
))
(/opt/homebrew/Cellar/texlive/20260301/share/texmf-dist/tex/generic/babel/babel
.sty
Package: babel 2026/02/14 v26.3 The multilingual framework for LuaLaTeX, pdfLaT
eX and XeLaTeX
\babel@savecnt=\count283
LaTeX Encoding Info:    Redeclaring text command \ij (encoding OT1) on input li
ne 2078.
LaTeX Encoding Info:    Redeclaring text command \IJ (encoding OT1) on input li
ne 2080.
LaTeX Encoding Info:    Redeclaring text command \ij (encoding T1) on input lin
e 2082.
LaTeX Encoding Info:    Redeclaring text command \IJ (encoding T1) on input lin
e 2083.
LaTeX Encoding Info:    Ignoring declaration for text command \ij (encoding ?) 
on input line 2084.
LaTeX Encoding Info:    Ignoring declaration for text command \IJ (encoding ?) 
on input line 2086.
LaTeX Encoding Info:    Ignoring declaration for text command \SS (encoding ?) 
on input line 2111.
\U@D=\dimen150
\l@unhyphenated=\language91

(/opt/homebrew/Cellar/texlive/20260301/share/texmf-dist/tex/generic/babel/txtba
bel.def)
\bbl@readstream=\read2
\bbl@dirlevel=\count284

(/opt/homebrew/Cellar/texlive/20260301/share/texmf-dist/tex/generic/babel/local
e/en/babel-english.tex)
(/opt/homebrew/Cellar/texlive/20260301/share/texmf-dist/tex/generic/babel/local
e/ru/babel-russian.tex)
Package babel Info: Importing font and identification data for english
(babel)             from babel-en.ini. Reported on input line 4330.

(/opt/homebrew/Cellar/texlive/20260301/share/texmf-dist/tex/generic/babel-engli
sh/english.ldf
Language: english 2017/06/06 v3.3r English support from the babel system
Package babel Info: Hyphen rules for 'canadian' set to \l@english
(babel)             (\language0). Reported on input line 102.
Package babel Info: Hyphen rules for 'australian' set to \l@ukenglish
(babel)             (\language22). Reported on input line 105.
Package babel Info: Hyphen rules for 'newzealand' set to \l@ukenglish
(babel)             (\language22). Reported on input line 108.
)
Package babel Info: Importing font and identification data for russian
(babel)             from babel-ru.ini. Reported on input line 4330.

(/opt/homebrew/Cellar/texlive/20260301/share/texmf-dist/tex/generic/babel-russi
an/russianb.ldf
File: russianb.ldf 2021/01/10 1.3m Russian support for the Babel system
Language: russian 2020/09/09 1.3k Russian support for the Babel system
Package babel Info: Making " an active character on input line 124.
Package babel Info: Default for \cyrdash is provided on input line 163.
))
(/opt/homebrew/Cellar/texlive/20260301/share/texmf-dist/tex/latex/geometry/geom
etry.sty
Package: geometry 2020/01/02 v5.9 Page Geometry

(/opt/homebrew/Cellar/texlive/20260301/share/texmf-dist/tex/latex/graphics/keyv
al.sty
Package: keyval 2022/05/29 v1.15 key=value parser (DPC)
\KV@toks@=\toks19
)
(/opt/homebrew/Cellar/texlive/20260301/share/texmf-dist/tex/generic/iftex/ifvte
x.sty
Package: ifvtex 2019/10/25 v1.7 ifvtex legacy package. Use iftex instead.

(/opt/homebrew/Cellar/texlive/20260301/share/texmf-dist/tex/generic/iftex/iftex
.sty
Package: iftex 2024/12/12 v1.0g TeX engine tests
))
\Gm@cnth=\count285
\Gm@cntv=\count286
\c@Gm@tempcnt=\count287
\Gm@bindingoffset=\dimen151
\Gm@wd@mp=\dimen152
\Gm@odd@mp=\dimen153
\Gm@even@mp=\dimen154
\Gm@layoutwidth=\dimen155
\Gm@layoutheight=\dimen156
\Gm@layouthoffset=\dimen157
\Gm@layoutvoffset=\dimen158
\Gm@dimlist=\toks20
)
(/opt/homebrew/Cellar/texlive/20260301/share/texmf-dist/tex/latex/setspace/sets
pace.sty
Package: setspace 2022/12/04 v6.7b set line spacing
)
(/opt/homebrew/Cellar/texlive/20260301/share/texmf-dist/tex/latex/amsmath/amsma
th.sty
Package: amsmath 2025/07/09 v2.17z AMS math features
\@mathmargin=\skip51

For additional information on amsmath, use the `?' option.

(/opt/homebrew/Cellar/texlive/20260301/share/texmf-dist/tex/latex/amsmath/amste
xt.sty
Package: amstext 2024/11/17 v2.01 AMS text

(/opt/homebrew/Cellar/texlive/20260301/share/texmf-dist/tex/latex/amsmath/amsge
n.sty
File: amsgen.sty 1999/11/30 v2.0 generic functions
\@emptytoks=\toks21
\ex@=\dimen159
))
(/opt/homebrew/Cellar/texlive/20260301/share/texmf-dist/tex/latex/amsmath/amsbs
y.sty
Package: amsbsy 1999/11/29 v1.2d Bold Symbols
\pmbraise@=\dimen160
)
(/opt/homebrew/Cellar/texlive/20260301/share/texmf-dist/tex/latex/amsmath/amsop
n.sty
Package: amsopn 2022/04/08 v2.04 operator names
)
\inf@bad=\count288
LaTeX Info: Redefining \frac on input line 233.
\uproot@=\count289
\leftroot@=\count290
LaTeX Info: Redefining \overline on input line 398.
LaTeX Info: Redefining \colon on input line 409.
\classnum@=\count291
\DOTSCASE@=\count292
LaTeX Info: Redefining \ldots on input line 495.
LaTeX Info: Redefining \dots on input line 498.
LaTeX Info: Redefining \cdots on input line 619.
\Mathstrutbox@=\box53
\strutbox@=\box54
LaTeX Info: Redefining \big on input line 721.
LaTeX Info: Redefining \Big on input line 722.
LaTeX Info: Redefining \bigg on input line 723.
LaTeX Info: Redefining \Bigg on input line 724.
\big@size=\dimen161
LaTeX Font Info:    Redeclaring font encoding OML on input line 742.
LaTeX Font Info:    Redeclaring font encoding OMS on input line 743.
\macc@depth=\count293
LaTeX Info: Redefining \bmod on input line 904.
LaTeX Info: Redefining \pmod on input line 909.
LaTeX Info: Redefining \smash on input line 939.
LaTeX Info: Redefining \relbar on input line 969.
LaTeX Info: Redefining \Relbar on input line 970.
\c@MaxMatrixCols=\count294
\dotsspace@=\muskip17
\c@parentequation=\count295
\dspbrk@lvl=\count296
\tag@help=\toks22
\row@=\count297
\column@=\count298
\maxfields@=\count299
\andhelp@=\toks23
\eqnshift@=\dimen162
\alignsep@=\dimen163
\tagshift@=\dimen164
\tagwidth@=\dimen165
\totwidth@=\dimen166
\lineht@=\dimen167
\@envbody=\toks24
\multlinegap=\skip52
\multlinetaggap=\skip53
\mathdisplay@stack=\toks25
LaTeX Info: Redefining \[ on input line 2950.
LaTeX Info: Redefining \] on input line 2951.
)
(/opt/homebrew/Cellar/texlive/20260301/share/texmf-dist/tex/latex/graphics/grap
hicx.sty
Package: graphicx 2024/12/31 v1.2e Enhanced LaTeX Graphics (DPC,SPQR)

(/opt/homebrew/Cellar/texlive/20260301/share/texmf-dist/tex/latex/graphics/grap
hics.sty
Package: graphics 2024/08/06 v1.4g Standard LaTeX Graphics (DPC,SPQR)

(/opt/homebrew/Cellar/texlive/20260301/share/texmf-dist/tex/latex/graphics/trig
.sty
Package: trig 2023/12/02 v1.11 sin cos tan (DPC)
)
(/opt/homebrew/Cellar/texlive/20260301/share/texmf-dist/tex/latex/graphics-cfg/
graphics.cfg
File: graphics.cfg 2016/06/04 v1.11 sample graphics configuration
)
Package graphics Info: Driver file: pdftex.def on input line 106.

(/opt/homebrew/Cellar/texlive/20260301/share/texmf-dist/tex/latex/graphics-def/
pdftex.def
File: pdftex.def 2025/09/29 v1.2d Graphics/color driver for pdftex
))
\Gin@req@height=\dimen168
\Gin@req@width=\dimen169
)
(/opt/homebrew/Cellar/texlive/20260301/share/texmf-dist/tex/latex/float/float.s
ty
Package: float 2001/11/08 v1.3d Float enhancements (AL)
\c@float@type=\count300
\float@exts=\toks26
\float@box=\box55
\@float@everytoks=\toks27
\@floatcapt=\box56
)
(/opt/homebrew/Cellar/texlive/20260301/share/texmf-dist/tex/latex/tools/array.s
ty
Package: array 2025/09/25 v2.6n Tabular extension package (FMi)
\col@sep=\dimen170
\ar@mcellbox=\box57
\extrarowheight=\dimen171
\NC@list=\toks28
\extratabsurround=\skip54
\backup@length=\skip55
\ar@cellbox=\box58
)
(/opt/homebrew/Cellar/texlive/20260301/share/texmf-dist/tex/latex/tools/longtab
le.sty
Package: longtable 2025-10-13 v4.24 Multi-page Table package (DPC)
\LTleft=\skip56
\LTright=\skip57
\LTpre=\skip58
\LTpost=\skip59
\LTchunksize=\count301
\LTcapwidth=\dimen172
\LT@head=\box59
\LT@firsthead=\box60
\LT@foot=\box61
\LT@lastfoot=\box62
\LT@gbox=\box63
\LT@cols=\count302
\LT@rows=\count303
\c@LT@tables=\count304
\c@LT@chunks=\count305
\LT@p@ftn=\toks29
)
(/opt/homebrew/Cellar/texlive/20260301/share/texmf-dist/tex/latex/tools/verbati
m.sty
Package: verbatim 2024-01-22 v1.5x LaTeX2e package for verbatim enhancements
\every@verbatim=\toks30
\verbatim@line=\toks31
\verbatim@in@stream=\read3
)
(/opt/homebrew/Cellar/texlive/20260301/share/texmf-dist/tex/latex/hyperref/hype
rref.sty
Package: hyperref 2026-01-29 v7.01p Hypertext links for LaTeX

(/opt/homebrew/Cellar/texlive/20260301/share/texmf-dist/tex/latex/kvsetkeys/kvs
etkeys.sty
Package: kvsetkeys 2022-10-05 v1.19 Key value parser (HO)
)
(/opt/homebrew/Cellar/texlive/20260301/share/texmf-dist/tex/generic/kvdefinekey
s/kvdefinekeys.sty
Package: kvdefinekeys 2019-12-19 v1.6 Define keys (HO)
)
(/opt/homebrew/Cellar/texlive/20260301/share/texmf-dist/tex/generic/pdfescape/p
dfescape.sty
Package: pdfescape 2019/12/09 v1.15 Implements pdfTeX's escape features (HO)

(/opt/homebrew/Cellar/texlive/20260301/share/texmf-dist/tex/generic/ltxcmds/ltx
cmds.sty
Package: ltxcmds 2023-12-04 v1.26 LaTeX kernel commands for general use (HO)
)
(/opt/homebrew/Cellar/texlive/20260301/share/texmf-dist/tex/generic/pdftexcmds/
pdftexcmds.sty
Package: pdftexcmds 2020-06-27 v0.33 Utility functions of pdfTeX for LuaTeX (HO
)

(/opt/homebrew/Cellar/texlive/20260301/share/texmf-dist/tex/generic/infwarerr/i
nfwarerr.sty
Package: infwarerr 2019/12/03 v1.5 Providing info/warning/error messages (HO)
)
Package pdftexcmds Info: \pdf@primitive is available.
Package pdftexcmds Info: \pdf@ifprimitive is available.
Package pdftexcmds Info: \pdfdraftmode found.
))
(/opt/homebrew/Cellar/texlive/20260301/share/texmf-dist/tex/latex/hycolor/hycol
or.sty
Package: hycolor 2020-01-27 v1.10 Color options for hyperref/bookmark (HO)
)
(/opt/homebrew/Cellar/texlive/20260301/share/texmf-dist/tex/latex/hyperref/name
ref.sty
Package: nameref 2026-01-29 v2.58 Cross-referencing by name of section

(/opt/homebrew/Cellar/texlive/20260301/share/texmf-dist/tex/latex/refcount/refc
ount.sty
Package: refcount 2019/12/15 v3.6 Data extraction from label references (HO)
)
(/opt/homebrew/Cellar/texlive/20260301/share/texmf-dist/tex/generic/gettitlestr
ing/gettitlestring.sty
Package: gettitlestring 2019/12/15 v1.6 Cleanup title references (HO)

(/opt/homebrew/Cellar/texlive/20260301/share/texmf-dist/tex/latex/kvoptions/kvo
ptions.sty
Package: kvoptions 2022-06-15 v3.15 Key value format for package options (HO)
))
\c@section@level=\count306
)
(/opt/homebrew/Cellar/texlive/20260301/share/texmf-dist/tex/latex/etoolbox/etoo
lbox.sty
Package: etoolbox 2025/10/02 v2.5m e-TeX tools for LaTeX (JAW)
\etb@tempcnta=\count307
)
(/opt/homebrew/Cellar/texlive/20260301/share/texmf-dist/tex/generic/stringenc/s
tringenc.sty
Package: stringenc 2019/11/29 v1.12 Convert strings between diff. encodings (HO
)
)
\@linkdim=\dimen173
\Hy@linkcounter=\count308
\Hy@pagecounter=\count309

(/opt/homebrew/Cellar/texlive/20260301/share/texmf-dist/tex/latex/hyperref/pd1e
nc.def
File: pd1enc.def 2026-01-29 v7.01p Hyperref: PDFDocEncoding definition (HO)
Now handling font encoding PD1 ...
... no UTF-8 mapping file for font encoding PD1
)
(/opt/homebrew/Cellar/texlive/20260301/share/texmf-dist/tex/generic/intcalc/int
calc.sty
Package: intcalc 2019/12/15 v1.3 Expandable calculations with integers (HO)
)
\Hy@SavedSpaceFactor=\count310

(/opt/homebrew/Cellar/texlive/20260301/share/texmf-dist/tex/latex/hyperref/puen
c.def
File: puenc.def 2026-01-29 v7.01p Hyperref: PDF Unicode definition (HO)
Now handling font encoding PU ...
... no UTF-8 mapping file for font encoding PU
)
Package hyperref Info: Option `unicode' set `true' on input line 3166.
Package hyperref Info: Hyper figures OFF on input line 4201.
Package hyperref Info: Link nesting OFF on input line 4206.
Package hyperref Info: Hyper index ON on input line 4209.
Package hyperref Info: Plain pages OFF on input line 4216.
Package hyperref Info: Backreferencing OFF on input line 4221.
Package hyperref Info: Implicit mode ON; LaTeX internals redefined.
Package hyperref Info: Bookmarks ON on input line 4468.
\c@Hy@tempcnt=\count311

(/opt/homebrew/Cellar/texlive/20260301/share/texmf-dist/tex/latex/url/url.sty
\Urlmuskip=\muskip18
Package: url 2013/09/16  ver 3.4  Verb mode for urls, etc.
)
LaTeX Info: Redefining \url on input line 4807.
\XeTeXLinkMargin=\dimen174

(/opt/homebrew/Cellar/texlive/20260301/share/texmf-dist/tex/generic/bitset/bits
et.sty
Package: bitset 2019/12/09 v1.3 Handle bit-vector datatype (HO)

(/opt/homebrew/Cellar/texlive/20260301/share/texmf-dist/tex/generic/bigintcalc/
bigintcalc.sty
Package: bigintcalc 2019/12/15 v1.5 Expandable calculations on big integers (HO
)
))
\Fld@menulength=\count312
\Field@Width=\dimen175
\Fld@charsize=\dimen176
Package hyperref Info: Hyper figures OFF on input line 6084.
Package hyperref Info: Link nesting OFF on input line 6089.
Package hyperref Info: Hyper index ON on input line 6092.
Package hyperref Info: backreferencing OFF on input line 6099.
Package hyperref Info: Link coloring OFF on input line 6104.
Package hyperref Info: Link coloring with OCG OFF on input line 6109.
Package hyperref Info: PDF/A mode OFF on input line 6114.
\Hy@abspage=\count313
\c@Item=\count314
\c@Hfootnote=\count315
)
Package hyperref Info: Driver (autodetected): hpdftex.

(/opt/homebrew/Cellar/texlive/20260301/share/texmf-dist/tex/latex/hyperref/hpdf
tex.def
File: hpdftex.def 2026-01-29 v7.01p Hyperref driver for pdfTeX
\Fld@listcount=\count316
\c@bookmark@seq@number=\count317

(/opt/homebrew/Cellar/texlive/20260301/share/texmf-dist/tex/latex/rerunfilechec
k/rerunfilecheck.sty
Package: rerunfilecheck 2025-06-21 v1.11 Rerun checks for auxiliary files (HO)

(/opt/homebrew/Cellar/texlive/20260301/share/texmf-dist/tex/generic/uniquecount
er/uniquecounter.sty
Package: uniquecounter 2019/12/15 v1.4 Provide unlimited unique counter (HO)
)
Package uniquecounter Info: New unique counter `rerunfilecheck' on input line 2
84.
)
\Hy@SectionHShift=\skip60
)
(/opt/homebrew/Cellar/texlive/20260301/share/texmf-dist/tex/latex/l3backend/l3b
ackend-pdftex.def
File: l3backend-pdftex.def 2025-10-09 L3 backend support: PDF output (pdfTeX)
\l__color_backend_stack_int=\count318
) (./report.aux
Package babel Info: 'russian' activates 'russian' shorthands.
(babel)             Reported on input line 8.
)
\openout1 = `report.aux'.

LaTeX Font Info:    Checking defaults for OML/cmm/m/it on input line 24.
LaTeX Font Info:    ... okay on input line 24.
LaTeX Font Info:    Checking defaults for OMS/cmsy/m/n on input line 24.
LaTeX Font Info:    ... okay on input line 24.
LaTeX Font Info:    Checking defaults for OT1/cmr/m/n on input line 24.
LaTeX Font Info:    ... okay on input line 24.
LaTeX Font Info:    Checking defaults for T1/cmr/m/n on input line 24.
LaTeX Font Info:    ... okay on input line 24.
LaTeX Font Info:    Checking defaults for TS1/cmr/m/n on input line 24.
LaTeX Font Info:    ... okay on input line 24.
LaTeX Font Info:    Checking defaults for OMX/cmex/m/n on input line 24.
LaTeX Font Info:    ... okay on input line 24.
LaTeX Font Info:    Checking defaults for U/cmr/m/n on input line 24.
LaTeX Font Info:    ... okay on input line 24.
LaTeX Font Info:    Checking defaults for T2A/cmr/m/n on input line 24.
LaTeX Font Info:    ... okay on input line 24.
LaTeX Font Info:    Checking defaults for PD1/pdf/m/n on input line 24.
LaTeX Font Info:    ... okay on input line 24.
LaTeX Font Info:    Checking defaults for PU/pdf/m/n on input line 24.
LaTeX Font Info:    ... okay on input line 24.
LaTeX Info: Redefining \th on input line 24.

*geometry* driver: auto-detecting
*geometry* detected driver: pdftex
*geometry* verbose mode - [ preamble ] result:
* driver: pdftex
* paper: a4paper
* layout: <same size as paper>
* layoutoffset:(h,v)=(0.0pt,0.0pt)
* modes: 
* h-part:(L,W,R)=(85.35826pt, 469.47049pt, 42.67912pt)
* v-part:(T,H,B)=(56.9055pt, 731.23584pt, 56.9055pt)
* \paperwidth=597.50787pt
* \paperheight=845.04684pt
* \textwidth=469.47049pt
* \textheight=731.23584pt
* \oddsidemargin=13.08827pt
* \evensidemargin=13.08827pt
* \topmargin=-54.36449pt
* \headheight=14.0pt
* \headsep=25.0pt
* \topskip=14.0pt
* \footskip=30.0pt
* \marginparwidth=15.0pt
* \marginparsep=10.0pt
* \columnsep=10.0pt
* \skip\footins=12.0pt plus 4.0pt minus 2.0pt
* \hoffset=0.0pt
* \voffset=0.0pt
* \mag=1000
* \@twocolumnfalse
* \@twosidefalse
* \@mparswitchfalse
* \@reversemarginfalse
* (1in=72.27pt=25.4mm, 1cm=28.453pt)


(/opt/homebrew/Cellar/texlive/20260301/share/texmf-dist/tex/context/base/mkii/s
upp-pdf.mkii
[Loading MPS to PDF converter (version 2006.09.02).]
\scratchcounter=\count319
\scratchdimen=\dimen177
\scratchbox=\box64
\nofMPsegments=\count320
\nofMParguments=\count321
\everyMPshowfont=\toks32
\MPscratchCnt=\count322
\MPscratchDim=\dimen178
\MPnumerator=\count323
\makeMPintoPDFobject=\count324
\everyMPtoPDFconversion=\toks33
)
(/opt/homebrew/Cellar/texlive/20260301/share/texmf-dist/tex/latex/epstopdf-pkg/
epstopdf-base.sty
Package: epstopdf-base 2020-01-24 v2.11 Base part for package epstopdf
Package epstopdf-base Info: Redefining graphics rule for `.eps' on input line 4
85.

(/opt/homebrew/Cellar/texlive/20260301/share/texmf-dist/tex/latex/latexconfig/e
pstopdf-sys.cfg
File: epstopdf-sys.cfg 2010/07/13 v1.3 Configuration of (r)epstopdf for TeX Liv
e
))
Package hyperref Info: Link coloring OFF on input line 24.
 (./report.out) (./report.out)
\@outlinefile=\write3
\openout3 = `report.out'.

 [1

{/opt/homebrew/Cellar/texlive/20260301/share/texmf-dist/fonts/map/pdftex/updmap
/pdftex.map}{/opt/homebrew/Cellar/texlive/20260301/share/texmf-dist/fonts/enc/d
vips/cm-super/cm-super-t2a.enc}] (./report.toc)
\tf@toc=\write4
\openout4 = `report.toc'.


pdfTeX warning (ext4): destination with the same identifier (name{page.1}) has 
been already used, duplicate ignored
<to be read again> 
                   \relax 
l.60 \newpage
              [1]
Overfull \hbox (9.69838pt too wide) in paragraph at lines 64--68
\T2A/cmr/m/n/14.4 рав-но-мер-ность рас-пре-де-ле-ния сим-во-лов вы-бран-но-го а
л-фа-ви-та, оце-нить сред-
 []

[2] [3]
LaTeX Font Info:    Trying to load font information for T2A+cmtt on input line 
146.

(/opt/homebrew/Cellar/texlive/20260301/share/texmf-dist/tex/latex/cyrillic/t2ac
mtt.fd
File: t2acmtt.fd 2001/08/11 v1.0a Computer Modern Cyrillic font definitions
)
Overfull \hbox (7.37857pt too wide) in paragraph at lines 167--170
[]\T2A/cmr/m/n/14.4 После ге-не-ра-ции про-грам-ма вы-во-дит со-кра-щјн-ное пре
д-став-ле-ние стро-
 []

[4{/opt/homebrew/Cellar/texlive/20260301/share/texmf-dist/fonts/enc/dvips/cm-su
per/cm-super-ts1.enc}] [5] [6]
File: "lab1.cpp"  (verbatim)
 [7]
Overfull \hbox (173.66562pt too wide) in paragraph at lines 293--293
[]\T2A/cmtt/m/n/14.4 static_assert(sizeof(ALPHABET) - 1 == 36, "Variant 6 alpha
bet must contain 36 symbols");[] 
 []


Overfull \hbox (5.57323pt too wide) in paragraph at lines 293--293
[]\T2A/cmtt/m/n/14.4 const int ALPHABET_SIZE = static_cast<int>(sizeof(ALPHABET
) - 1);[] 
 []

[8] [9]
Overfull \hbox (5.57323pt too wide) in paragraph at lines 293--293
[]        \T2A/cmtt/m/n/14.4 (sign < 0.0 ? "-" : "") + decimalRu(mantissa, prec
ision);[] 
 []


Overfull \hbox (93.2736pt too wide) in paragraph at lines 293--293
[]    \T2A/cmtt/m/n/14.4 for (int index = static_cast<int>(raw.size()) - 1; ind
ex >= 0; --index) {[] 
 []

[10] [11]
Overfull \hbox (56.73178pt too wide) in paragraph at lines 293--293
[]    \T2A/cmtt/m/n/14.4 const Unit* chosen = &units[(sizeof(units) / sizeof(un
its[0])) - 1];[] 
 []

[12]
Overfull \hbox (71.34851pt too wide) in paragraph at lines 293--293
[]        \T2A/cmtt/m/n/14.4 const bool fractional = fabs(displayed - round(dis
played)) > 1e-9;[] 
 []


Overfull \hbox (64.04015pt too wide) in paragraph at lines 293--293
[]\T2A/cmtt/m/n/14.4 size_t readSize(const string& prompt, size_t minValue, siz
e_t maxValue) {[] 
 []


Overfull \hbox (49.42342pt too wide) in paragraph at lines 293--293
[]            \T2A/cmtt/m/n/14.4 const unsigned long long value = stoull(text, 
&parsed, 10);[] 
 []

[13]
Overfull \hbox (137.1238pt too wide) in paragraph at lines 293--293
[]        \T2A/cmtt/m/n/14.4 cout << "Нужно целое число от " << minValue << " д
о " << maxValue << ".\n";[] 
 []


Overfull \hbox (71.34851pt too wide) in paragraph at lines 293--293
[]    \T2A/cmtt/m/n/14.4 return text.substr(0, head) + "..." + text.substr(text
.size() - tail);[] 
 []


Overfull \hbox (27.49832pt too wide) in paragraph at lines 293--293
[]\T2A/cmtt/m/n/14.4 double log10AverageSeconds(int alphabet, int length, doubl
e speed) {[] 
 []


Overfull \hbox (85.96524pt too wide) in paragraph at lines 293--293
[]    \T2A/cmtt/m/n/14.4 const double log10Space = length * log10(static_cast<d
ouble>(alphabet));[] 
 []

[14]
Overfull \hbox (34.80669pt too wide) in paragraph at lines 293--293
[]        \T2A/cmtt/m/n/14.4 if (log10AverageSeconds(alphabet, length, speed) >
= target) {[] 
 []


Overfull \hbox (34.80669pt too wide) in paragraph at lines 293--293
[]    \T2A/cmtt/m/n/14.4 const int exponent = static_cast<int>(floor(log10Space
 + 1e-12));[] 
 []


Overfull \hbox (5.57323pt too wide) in paragraph at lines 293--293
[]    \T2A/cmtt/m/n/14.4 return decimalRu(mantissa, 3) + "\TS1/cmtt/m/n/14.4 ·\
T2A/cmtt/m/n/14.4 10^" + to_string(exponent);[] 
 []

[15]
Overfull \hbox (12.88159pt too wide) in paragraph at lines 293--293
[]    \T2A/cmtt/m/n/14.4 const double log10Average = length * log10(36.0) - log
10(2.0);[] 
 []


Overfull \hbox (49.42342pt too wide) in paragraph at lines 293--293
[]    \T2A/cmtt/m/n/14.4 const int exponent = static_cast<int>(floor(log10Avera
ge + 1e-12));[] 
 []


Overfull \hbox (5.57323pt too wide) in paragraph at lines 293--293
[]    \T2A/cmtt/m/n/14.4 return decimalRu(mantissa, 3) + "\TS1/cmtt/m/n/14.4 ·\
T2A/cmtt/m/n/14.4 10^" + to_string(exponent);[] 
 []


Overfull \hbox (5.57323pt too wide) in paragraph at lines 293--293
[]    \T2A/cmtt/m/n/14.4 vector<size_t> counts(static_cast<size_t>(ALPHABET_SIZ
E), 0);[] 
 []


Overfull \hbox (129.81543pt too wide) in paragraph at lines 293--293
[]    \T2A/cmtt/m/n/14.4 const double expected = static_cast<double>(generated.
size()) / ALPHABET_SIZE;[] 
 []

[16]
Overfull \hbox (173.66562pt too wide) in paragraph at lines 293--293
[]                \T2A/cmtt/m/n/14.4 barWidth * static_cast<double>(count) / st
atic_cast<double>(maxCount)));[] 
 []


Overfull \hbox (166.35725pt too wide) in paragraph at lines 293--293
[]            \T2A/cmtt/m/n/14.4 100.0 * static_cast<double>(count) / static_ca
st<double>(generated.size());[] 
 []


Overfull \hbox (56.73178pt too wide) in paragraph at lines 293--293
[]                  \T2A/cmtt/m/n/14.4 << string(static_cast<size_t>(barWidth -
 filled), ' ')[] 
 []


Overfull \hbox (64.04015pt too wide) in paragraph at lines 293--293
[]                  \T2A/cmtt/m/n/14.4 << "  (" << setw(6) << decimalRu(percent
, 2) << "%)\n";[] 
 []


Overfull \hbox (151.74052pt too wide) in paragraph at lines 293--293
[]        \T2A/cmtt/m/n/14.4 const double value = log10AverageSeconds(ALPHABET_
SIZE, length, kGraphSpeed);[] 
 []

[17]
Overfull \hbox (100.58197pt too wide) in paragraph at lines 293--293
[]    \T2A/cmtt/m/n/14.4 cout << "\nГрафик зависимости среднего времени подбора
 от длины пароля\n";[] 
 []


Overfull \hbox (34.80669pt too wide) in paragraph at lines 293--293
[]    \T2A/cmtt/m/n/14.4 cout << "V = 10^9 попыток/с. Длина столбца показывает 
log10(T), "[] 
 []


Overfull \hbox (202.89908pt too wide) in paragraph at lines 293--293
[]    \T2A/cmtt/m/n/14.4 cout << "Короткий столбец ^^V малое время, длинный ^^V
 большое. Шкала логарифмическая.\n\n";[] 
 []


Overfull \hbox (20.18996pt too wide) in paragraph at lines 293--293
[]        \T2A/cmtt/m/n/14.4 const double value = logs[static_cast<size_t>(leng
th - 1)];[] 
 []


Overfull \hbox (49.42342pt too wide) in paragraph at lines 293--293
[]                  \T2A/cmtt/m/n/14.4 << string(static_cast<size_t>(barWidth -
 width), ' ')[] 
 []

[18]
Overfull \hbox (159.04889pt too wide) in paragraph at lines 293--293
[]        \T2A/cmtt/m/n/14.4 logs[static_cast<size_t>(seriesIndex)].resize(stat
ic_cast<size_t>(maxLength));[] 
 []


Overfull \hbox (12.88159pt too wide) in paragraph at lines 293--293
[]                \T2A/cmtt/m/n/14.4 ALPHABET_SIZE, length, series[seriesIndex]
.speed);[] 
 []


Overfull \hbox (202.89908pt too wide) in paragraph at lines 293--293
[]            \T2A/cmtt/m/n/14.4 logs[static_cast<size_t>(seriesIndex)][static_
cast<size_t>(length - 1)] = value;[] 
 []


Overfull \hbox (78.65688pt too wide) in paragraph at lines 293--293
[]        \T2A/cmtt/m/n/14.4 cout << "\nНе удалось записать файл графика time_v
s_length.svg.\n";[] 
 []


Overfull \hbox (144.43216pt too wide) in paragraph at lines 293--293
[]    \T2A/cmtt/m/n/14.4 out << "<svg xmlns=\"http://www.w3.org/2000/svg\" widt
h=\"960\" height=\"560\" "[] 
 []

[19]
Overfull \hbox (34.80669pt too wide) in paragraph at lines 293--293
[]    \T2A/cmtt/m/n/14.4 out << "<rect width=\"960\" height=\"560\" fill=\"#fff
fff\"/>\n";[] 
 []


Overfull \hbox (129.81543pt too wide) in paragraph at lines 293--293
[]    \T2A/cmtt/m/n/14.4 out << "<text x=\"40\" y=\"36\" font-family=\"Arial, H
elvetica, sans-serif\" "[] 
 []


Overfull \hbox (151.74052pt too wide) in paragraph at lines 293--293
[]           \T2A/cmtt/m/n/14.4 "font-size=\"20\" fill=\"#222222\">Среднее врем
я подбора пароля</text>\n";[] 
 []


Overfull \hbox (129.81543pt too wide) in paragraph at lines 293--293
[]    \T2A/cmtt/m/n/14.4 out << "<text x=\"40\" y=\"60\" font-family=\"Arial, H
elvetica, sans-serif\" "[] 
 []


Overfull \hbox (49.42342pt too wide) in paragraph at lines 293--293
[]           \T2A/cmtt/m/n/14.4 "font-size=\"13\" fill=\"#555555\">Алфавит из 3
6 символов. "[] 
 []


Overfull \hbox (85.96524pt too wide) in paragraph at lines 293--293
[]           \T2A/cmtt/m/n/14.4 "T = (A^L + 1) / (2\TS1/cmtt/m/n/14.4 ·\T2A/cmt
t/m/n/14.4 V). Ось Y: log10(T), T в секундах.</text>\n";[] 
 []


Overfull \hbox (78.65688pt too wide) in paragraph at lines 293--293
[]    \T2A/cmtt/m/n/14.4 out << "<line x1=\"" << svgNumber(left) << "\" y1=\"" 
<< svgNumber(top)[] 
 []


Overfull \hbox (78.65688pt too wide) in paragraph at lines 293--293
[]        \T2A/cmtt/m/n/14.4 << "\" x2=\"" << svgNumber(left) << "\" y2=\"" << 
svgNumber(bottom)[] 
 []


Overfull \hbox (100.58197pt too wide) in paragraph at lines 293--293
[]    \T2A/cmtt/m/n/14.4 out << "<line x1=\"" << svgNumber(left) << "\" y1=\"" 
<< svgNumber(bottom)[] 
 []


Overfull \hbox (85.96524pt too wide) in paragraph at lines 293--293
[]        \T2A/cmtt/m/n/14.4 << "\" x2=\"" << svgNumber(right) << "\" y2=\"" <<
 svgNumber(bottom)[] 
 []


Overfull \hbox (27.49832pt too wide) in paragraph at lines 293--293
[]    \T2A/cmtt/m/n/14.4 for (int tick = firstTick; tick <= lastTick; tick += t
ickStep) {[] 
 []


Overfull \hbox (261.366pt too wide) in paragraph at lines 293--293
[]        \T2A/cmtt/m/n/14.4 const double y = bottom - height * (static_cast<do
uble>(tick) - minLog) / (maxLog - minLog);[] 
 []


Overfull \hbox (93.2736pt too wide) in paragraph at lines 293--293
[]        \T2A/cmtt/m/n/14.4 out << "<line x1=\"" << svgNumber(left) << "\" y1=
\"" << svgNumber(y)[] 
 []


Overfull \hbox (78.65688pt too wide) in paragraph at lines 293--293
[]            \T2A/cmtt/m/n/14.4 << "\" x2=\"" << svgNumber(right) << "\" y2=\"
" << svgNumber(y)[] 
 []


Overfull \hbox (151.74052pt too wide) in paragraph at lines 293--293
[]            \T2A/cmtt/m/n/14.4 << "\" text-anchor=\"end\" font-family=\"Arial
, Helvetica, sans-serif\" "[] 
 []


Overfull \hbox (78.65688pt too wide) in paragraph at lines 293--293
[]               \T2A/cmtt/m/n/14.4 "font-size=\"11\" fill=\"#444444\">" << tic
k << "</text>\n";[] 
 []

[20]
Overfull \hbox (246.74927pt too wide) in paragraph at lines 293--293
[]            \T2A/cmtt/m/n/14.4 : left + width * static_cast<double>(length - 
1) / static_cast<double>(maxLength - 1);[] 
 []


Overfull \hbox (129.81543pt too wide) in paragraph at lines 293--293
[]        \T2A/cmtt/m/n/14.4 out << "<text x=\"" << svgNumber(x) << "\" y=\"" <
< svgNumber(bottom + 20)[] 
 []


Overfull \hbox (173.66562pt too wide) in paragraph at lines 293--293
[]            \T2A/cmtt/m/n/14.4 << "\" text-anchor=\"middle\" font-family=\"Ar
ial, Helvetica, sans-serif\" "[] 
 []


Overfull \hbox (93.2736pt too wide) in paragraph at lines 293--293
[]               \T2A/cmtt/m/n/14.4 "font-size=\"12\" fill=\"#222222\">" << len
gth << "</text>\n";[] 
 []


Overfull \hbox (246.74927pt too wide) in paragraph at lines 293--293
[]    \T2A/cmtt/m/n/14.4 out << "<text x=\"" << svgNumber(left + width / 2.0) <
< "\" y=\"530\" text-anchor=\"middle\" "[] 
 []


Overfull \hbox (202.89908pt too wide) in paragraph at lines 293--293
[]           \T2A/cmtt/m/n/14.4 "font-family=\"Arial, Helvetica, sans-serif\" f
ont-size=\"14\" fill=\"#222222\">"[] 
 []


Overfull \hbox (159.04889pt too wide) in paragraph at lines 293--293
[]    \T2A/cmtt/m/n/14.4 out << "<text transform=\"translate(22 266) rotate(-90
)\" text-anchor=\"middle\" "[] 
 []


Overfull \hbox (202.89908pt too wide) in paragraph at lines 293--293
[]           \T2A/cmtt/m/n/14.4 "font-family=\"Arial, Helvetica, sans-serif\" f
ont-size=\"14\" fill=\"#222222\">"[] 
 []


Overfull \hbox (275.98273pt too wide) in paragraph at lines 293--293
[]                \T2A/cmtt/m/n/14.4 : left + width * static_cast<double>(lengt
h - 1) / static_cast<double>(maxLength - 1);[] 
 []


Overfull \hbox (173.66562pt too wide) in paragraph at lines 293--293
[]                \T2A/cmtt/m/n/14.4 logs[static_cast<size_t>(seriesIndex)][sta
tic_cast<size_t>(length - 1)];[] 
 []


Overfull \hbox (166.35725pt too wide) in paragraph at lines 293--293
[]            \T2A/cmtt/m/n/14.4 const double y = bottom - height * (logValue -
 minLog) / (maxLog - minLog);[] 
 []


Overfull \hbox (107.89034pt too wide) in paragraph at lines 293--293
[]        \T2A/cmtt/m/n/14.4 out << "<polyline fill=\"none\" stroke=\"" << seri
es[seriesIndex].color[] 
 []

[21]
Overfull \hbox (107.89034pt too wide) in paragraph at lines 293--293
[]            \T2A/cmtt/m/n/14.4 << "\" stroke-width=\"2.4\" points=\"" << poin
ts.str() << "\"/>\n";[] 
 []


Overfull \hbox (275.98273pt too wide) in paragraph at lines 293--293
[]                \T2A/cmtt/m/n/14.4 : left + width * static_cast<double>(lengt
h - 1) / static_cast<double>(maxLength - 1);[] 
 []


Overfull \hbox (173.66562pt too wide) in paragraph at lines 293--293
[]                \T2A/cmtt/m/n/14.4 logs[static_cast<size_t>(seriesIndex)][sta
tic_cast<size_t>(length - 1)];[] 
 []


Overfull \hbox (166.35725pt too wide) in paragraph at lines 293--293
[]            \T2A/cmtt/m/n/14.4 const double y = bottom - height * (logValue -
 minLog) / (maxLog - minLog);[] 
 []


Overfull \hbox (115.1987pt too wide) in paragraph at lines 293--293
[]            \T2A/cmtt/m/n/14.4 out << "<circle cx=\"" << svgNumber(x) << "\" 
cy=\"" << svgNumber(y)[] 
 []


Overfull \hbox (137.1238pt too wide) in paragraph at lines 293--293
[]                \T2A/cmtt/m/n/14.4 << "\" r=\"3.2\" fill=\"" << series[series
Index].color << "\"/>\n";[] 
 []


Overfull \hbox (115.1987pt too wide) in paragraph at lines 293--293
[]        \T2A/cmtt/m/n/14.4 out << "<line x1=\"" << svgNumber(legendX) << "\" 
y1=\"" << svgNumber(y)[] 
 []


Overfull \hbox (129.81543pt too wide) in paragraph at lines 293--293
[]            \T2A/cmtt/m/n/14.4 << "\" x2=\"" << svgNumber(legendX + 28) << "\
" y2=\"" << svgNumber(y)[] 
 []


Overfull \hbox (188.28235pt too wide) in paragraph at lines 293--293
[]            \T2A/cmtt/m/n/14.4 << "\" stroke=\"" << series[seriesIndex].color
 << "\" stroke-width=\"3\"/>\n";[] 
 []


Overfull \hbox (166.35725pt too wide) in paragraph at lines 293--293
[]        \T2A/cmtt/m/n/14.4 out << "<text x=\"" << svgNumber(legendX + 34) << 
"\" y=\"" << svgNumber(y + 4)[] 
 []


Overfull \hbox (254.05763pt too wide) in paragraph at lines 293--293
[]            \T2A/cmtt/m/n/14.4 << "\" font-family=\"Arial, Helvetica, sans-se
rif\" font-size=\"12\" fill=\"#222222\">"[] 
 []


Overfull \hbox (20.18996pt too wide) in paragraph at lines 293--293
[]                 \T2A/cmtt/m/n/14.4 "(три кривые для разных скоростей атакующ
его).\n";[] 
 []

[22]
Overfull \hbox (64.04015pt too wide) in paragraph at lines 293--293
[]    \T2A/cmtt/m/n/14.4 const int mediumLength = minLengthFor(ALPHABET_SIZE, 1
e12, tenYears);[] 
 []


Overfull \hbox (78.65688pt too wide) in paragraph at lines 293--293
[]    \T2A/cmtt/m/n/14.4 const int highLength = minLengthFor(ALPHABET_SIZE, 1e1
2, hundredYears);[] 
 []


Overfull \hbox (71.34851pt too wide) in paragraph at lines 293--293
[]    \T2A/cmtt/m/n/14.4 cout << "Для расчјта принята скорость перебора V = 10^
9 попыток/с.\n";[] 
 []


Overfull \hbox (20.18996pt too wide) in paragraph at lines 293--293
[]    \T2A/cmtt/m/n/14.4 cout << "Минимальная рекомендуемая длина случайного па
роля:\n";[] 
 []


Overfull \hbox (107.89034pt too wide) in paragraph at lines 293--293
[]    \T2A/cmtt/m/n/14.4 cout << "  \TS1/cmtt/m/n/14.4 € \T2A/cmtt/m/n/14.4 низ
кая ценность (учјтная запись, данные полезны около суток) "[] 
 []


Overfull \hbox (100.58197pt too wide) in paragraph at lines 293--293
[]                 \T2A/cmtt/m/n/14.4 "при V = 10^9 попыток/с: L не меньше " <<
 lowLength << ";\n";[] 
 []


Overfull \hbox (122.50706pt too wide) in paragraph at lines 293--293
[]    \T2A/cmtt/m/n/14.4 cout << "  \TS1/cmtt/m/n/14.4 € \T2A/cmtt/m/n/14.4 сре
дняя ценность (почта, личные данные, горизонт около 10 лет) "[] 
 []


Overfull \hbox (129.81543pt too wide) in paragraph at lines 293--293
[]                 \T2A/cmtt/m/n/14.4 "при V = 10^12 попыток/с: L не меньше " <
< mediumLength << ";\n";[] 
 []


Overfull \hbox (159.04889pt too wide) in paragraph at lines 293--293
[]    \T2A/cmtt/m/n/14.4 cout << "  \TS1/cmtt/m/n/14.4 € \T2A/cmtt/m/n/14.4 выс
окая ценность (финансы, коммерческая тайна, горизонт от 100 лет) "[] 
 []


Overfull \hbox (129.81543pt too wide) in paragraph at lines 293--293
[]                 \T2A/cmtt/m/n/14.4 "при V = 10^12 попыток/с: L не меньше " <
< highLength << ".\n\n";[] 
 []


Overfull \hbox (42.11505pt too wide) in paragraph at lines 293--293
[]    \T2A/cmtt/m/n/14.4 cout << "Выбранный пароль имеет длину " << passwordLen
gth << ". ";[] 
 []


Overfull \hbox (268.67436pt too wide) in paragraph at lines 293--293
[]        \T2A/cmtt/m/n/14.4 cout << "Этой длины хватает и для высокой ценности
 при скорости кластера 10^12 попыток/с.\n";[] 
 []


Overfull \hbox (100.58197pt too wide) in paragraph at lines 293--293
[]        \T2A/cmtt/m/n/14.4 cout << "Этой длины хватает для средней ценности, 
но не для высокой: "[] 
 []


Overfull \hbox (115.1987pt too wide) in paragraph at lines 293--293
[]                     \T2A/cmtt/m/n/14.4 "для неј нужно не меньше " << highLen
gth << " символов.\n";[] 
 []


Overfull \hbox (100.58197pt too wide) in paragraph at lines 293--293
[]        \T2A/cmtt/m/n/14.4 cout << "Этой длины хватает только для низкой ценн
ости при V = 10^9. "[] 
 []


Overfull \hbox (202.89908pt too wide) in paragraph at lines 293--293
[]                     \T2A/cmtt/m/n/14.4 "Для личных данных нужно не меньше " 
<< mediumLength << " символов.\n";[] 
 []


Overfull \hbox (64.04015pt too wide) in paragraph at lines 293--293
[]        \T2A/cmtt/m/n/14.4 cout << "Этой длины мало даже для низкой ценности 
при V = 10^9: "[] 
 []


Overfull \hbox (49.42342pt too wide) in paragraph at lines 293--293
[]                     \T2A/cmtt/m/n/14.4 "нужно не меньше " << lowLength << " 
символов.\n";[] 
 []


Overfull \hbox (64.04015pt too wide) in paragraph at lines 293--293
[]    \T2A/cmtt/m/n/14.4 cout << "\nРекомендация: пароль должен быть случайным,
 не содержать "[] 
 []


Overfull \hbox (122.50706pt too wide) in paragraph at lines 293--293
[]                 \T2A/cmtt/m/n/14.4 "имя, дату рождения или словарное слово. 
Каждый дополнительный "[] 
 []

[23]
Overfull \hbox (56.73178pt too wide) in paragraph at lines 293--293
[]                 \T2A/cmtt/m/n/14.4 "символ увеличивает пространство перебора
 в 36 раз.\n";[] 
 []


Overfull \hbox (151.74052pt too wide) in paragraph at lines 293--293
[]    \T2A/cmtt/m/n/14.4 cout << "Пароль считается случайной строкой длины L на
д алфавитом мощности A.\n";[] 
 []


Overfull \hbox (115.1987pt too wide) in paragraph at lines 293--293
[]    \T2A/cmtt/m/n/14.4 cout << "Полный перебор содержит A^L паролей. В средне
м нужный оказывается "[] 
 []


Overfull \hbox (85.96524pt too wide) in paragraph at lines 293--293
[]                 \T2A/cmtt/m/n/14.4 "посередине, поэтому число попыток равно 
(A^L + 1) / 2.\n";[] 
 []


Overfull \hbox (202.89908pt too wide) in paragraph at lines 293--293
[]    \T2A/cmtt/m/n/14.4 cout << "В худшем случае пароль последний, и время при
мерно вдвое больше среднего.\n\n";[] 
 []


Overfull \hbox (129.81543pt too wide) in paragraph at lines 293--293
[]    \T2A/cmtt/m/n/14.4 cout << "  среднее число попыток = " << formatAverageA
ttempts(length) << "\n";[] 
 []


Overfull \hbox (115.1987pt too wide) in paragraph at lines 293--293
[]              \T2A/cmtt/m/n/14.4 << formatDuration(log10AverageSeconds(ALPHAB
ET_SIZE, length, 1e9))[] 
 []


Overfull \hbox (64.04015pt too wide) in paragraph at lines 293--293
[]    \T2A/cmtt/m/n/14.4 cout << "Алфавит ќ6: латиница в нижнем регистре и араб
ские цифры.\n";[] 
 []


Overfull \hbox (56.73178pt too wide) in paragraph at lines 293--293
[]    \T2A/cmtt/m/n/14.4 cout << "Символы (" << ALPHABET_SIZE << "): " << ALPHA
BET << "\n\n";[] 
 []

[24]
Overfull \hbox (239.4409pt too wide) in paragraph at lines 293--293
[]        \T2A/cmtt/m/n/14.4 "Введите длину генерируемой строки N (от 1 до 2000
000, для гистограммы лучше от 1000): ",[] 
 []


Overfull \hbox (239.4409pt too wide) in paragraph at lines 293--293
[]        \T2A/cmtt/m/n/14.4 "Введите длину пароля L (от 1 до N). Пароль берјтс
я подстрокой сгенерированной строки: ",[] 
 []


Overfull \hbox (27.49832pt too wide) in paragraph at lines 293--293
[]    \T2A/cmtt/m/n/14.4 const string password = generated.substr(start, passwo
rdLength);[] 
 []

[25] (./report.aux)
 ***********
LaTeX2e <2025-11-01>
L3 programming layer <2026-01-19>
 ***********
Package rerunfilecheck Info: File `report.out' has not changed.
(rerunfilecheck)             Checksum: A859F374BE1E94047313EAF4494D856F;2954.
 ) 
Here is how much of TeX's memory you used:
 12374 strings out of 467525
 196570 string characters out of 5408440
 623355 words of memory out of 5000000
 41083 multiletter control sequences out of 15000+600000
 636514 words of font info for 56 fonts, out of 8000000 for 9000
 1141 hyphenation exceptions out of 8191
 75i,8n,79p,343b,644s stack positions out of 10000i,1000n,20000p,200000b,200000s
</opt/homebrew/Cellar/texlive/20260301/share/texmf-dist/fonts/type1/public/am
sfonts/cm/cmmi10.pfb></opt/homebrew/Cellar/texlive/20260301/share/texmf-dist/fo
nts/type1/public/amsfonts/cm/cmmi12.pfb></opt/homebrew/Cellar/texlive/20260301/
share/texmf-dist/fonts/type1/public/amsfonts/cm/cmr10.pfb></opt/homebrew/Cellar
/texlive/20260301/share/texmf-dist/fonts/type1/public/amsfonts/cm/cmr12.pfb></o
pt/homebrew/Cellar/texlive/20260301/share/texmf-dist/fonts/type1/public/amsfont
s/cm/cmsy10.pfb></opt/homebrew/Cellar/texlive/20260301/share/texmf-dist/fonts/t
ype1/public/cm-super/sfbx1440.pfb></opt/homebrew/Cellar/texlive/20260301/share/
texmf-dist/fonts/type1/public/cm-super/sfbx1728.pfb></opt/homebrew/Cellar/texli
ve/20260301/share/texmf-dist/fonts/type1/public/cm-super/sfbx2074.pfb></opt/hom
ebrew/Cellar/texlive/20260301/share/texmf-dist/fonts/type1/public/cm-super/sfrm
1000.pfb></opt/homebrew/Cellar/texlive/20260301/share/texmf-dist/fonts/type1/pu
blic/cm-super/sfrm1440.pfb></opt/homebrew/Cellar/texlive/20260301/share/texmf-d
ist/fonts/type1/public/cm-super/sftt1440.pfb>
Output written on report.pdf (26 pages, 229285 bytes).
PDF statistics:
 259 PDF objects out of 1000 (max. 8388607)
 204 compressed objects within 3 object streams
 44 named destinations out of 1000 (max. 500000)
 97 words of extra memory for PDF output out of 10000 (max. 10000000)

