\BOOKMARK [1][-]{section.1}{\376\377\004\046\004\065\004\073\004\114\000\040\004\070\000\040\004\101\004\076\004\064\004\065\004\100\004\066\004\060\004\075\004\070\004\065\000\040\004\100\004\060\004\061\004\076\004\102\004\113}{}% 1
\BOOKMARK [1][-]{section.2}{\376\377\004\042\004\065\004\076\004\100\004\065\004\102\004\070\004\107\004\065\004\101\004\072\004\070\004\065\000\040\004\101\004\062\004\065\004\064\004\065\004\075\004\070\004\117}{}% 2
\BOOKMARK [2][-]{subsection.2.1}{\376\377\004\034\004\076\004\064\004\065\004\073\004\114\000\040\000O\000S\000I\000/\000I\000S\000O\000\040\004\070\000\040\004\101\004\102\004\065\004\072\000\040\000T\000C\000P\000/\000I\000P}{section.2}% 3
\BOOKMARK [2][-]{subsection.2.2}{\376\377\004\044\004\070\004\067\004\070\004\107\004\065\004\101\004\072\004\070\004\071\000\040\004\103\004\100\004\076\004\062\004\065\004\075\004\114\000\040\004\070\000\040\004\102\004\076\004\077\004\076\004\073\004\076\004\063\004\070\004\070}{section.2}% 4
\BOOKMARK [2][-]{subsection.2.3}{\376\377\004\032\004\060\004\075\004\060\004\073\004\114\004\075\004\113\004\071\000\040\004\103\004\100\004\076\004\062\004\065\004\075\004\114\000,\000\040\000E\000t\000h\000e\000r\000n\000e\000t\000\040\004\070\000\040\000M\000A\000C\000-\004\060\004\064\004\100\004\065\004\101\004\060\004\106\004\070\004\117}{section.2}% 5
\BOOKMARK [2][-]{subsection.2.4}{\376\377\000C\000i\000s\000c\000o\000\040\000I\000O\000S\000\040\004\070\000\040\000A\000R\000P}{section.2}% 6
\BOOKMARK [1][-]{section.3}{\376\377\004\045\004\076\004\064\000\040\004\062\004\113\004\077\004\076\004\073\004\075\004\065\004\075\004\070\004\117\000\040\004\070\000\040\004\100\004\065\004\067\004\103\004\073\004\114\004\102\004\060\004\102\004\113}{}% 7
\BOOKMARK [2][-]{subsection.3.1}{\376\377\004\027\004\075\004\060\004\072\004\076\004\074\004\101\004\102\004\062\004\076\000\040\004\101\000\040\004\070\004\075\004\102\004\065\004\100\004\104\004\065\004\071\004\101\004\076\004\074\000\040\000C\000i\000s\000c\000o\000\040\000P\000a\000c\000k\000e\000t\000\040\000T\000r\000a\000c\000e\000r}{section.3}% 8
\BOOKMARK [2][-]{subsection.3.2}{\376\377\004\035\004\060\004\062\004\070\004\063\004\060\004\106\004\070\004\117\000\040\004\077\004\076\000\040\000C\000i\000s\000c\000o\000\040\000I\000O\000S}{section.3}% 9
\BOOKMARK [2][-]{subsection.3.3}{\376\377\004\037\004\065\004\100\004\062\004\076\004\075\004\060\004\107\004\060\004\073\004\114\004\075\004\060\004\117\000\040\004\075\004\060\004\101\004\102\004\100\004\076\004\071\004\072\004\060\000\040\004\061\004\065\004\067\004\076\004\077\004\060\004\101\004\075\004\076\004\101\004\102\004\070\000\040\004\072\004\076\004\074\004\074\004\103\004\102\004\060\004\102\004\076\004\100\004\060}{section.3}% 10
\BOOKMARK [2][-]{subsection.3.4}{\376\377\004\040\004\060\004\061\004\076\004\102\004\060\000\040\004\101\000\040\000A\000R\000P\000\040\004\070\000\040\004\060\004\075\004\060\004\073\004\070\004\067\000\040\004\077\004\060\004\072\004\065\004\102\004\076\004\062}{section.3}% 11
\BOOKMARK [2][-]{subsection.3.5}{\376\377\004\032\004\076\004\074\004\077\004\073\004\065\004\072\004\101\004\075\004\060\004\117\000\040\004\075\004\060\004\101\004\102\004\100\004\076\004\071\004\072\004\060\000\040\004\101\004\065\004\102\004\070}{section.3}% 12
\BOOKMARK [2][-]{subsection.3.6}{\376\377\004\030\004\067\004\103\004\107\004\065\004\075\004\070\004\065\000\040\004\074\004\065\004\066\004\101\004\065\004\102\004\065\004\062\004\113\004\105\000\040\004\103\004\101\004\102\004\100\004\076\004\071\004\101\004\102\004\062}{section.3}% 13
\BOOKMARK [1][-]{section.4}{\376\377\004\037\004\076\004\110\004\060\004\063\004\076\004\062\004\076\004\065\000\040\004\062\004\113\004\077\004\076\004\073\004\075\004\065\004\075\004\070\004\065\000\040\004\067\004\060\004\064\004\060\004\075\004\070\004\117\000\040\004\077\004\076\000\040\004\074\004\065\004\102\004\076\004\064\004\070\004\107\004\072\004\065}{}% 14
\BOOKMARK [2][-]{subsection.4.1}{\376\377\004\027\004\060\004\064\004\060\004\075\004\070\004\065\000\040\0003\000.\0001\000.\000\040\004\027\004\075\004\060\004\072\004\076\004\074\004\101\004\102\004\062\004\076\000\040\004\101\000\040\004\070\004\075\004\102\004\065\004\100\004\104\004\065\004\071\004\101\004\076\004\074\000\040\000P\000a\000c\000k\000e\000t\000\040\000T\000r\000a\000c\000e\000r}{section.4}% 15
\BOOKMARK [3][-]{subsubsection.4.1.1}{\376\377\004\047\004\060\004\101\004\102\004\114\000\040\0001\000.\000\040\004\036\004\061\004\067\004\076\004\100\000\040\004\077\004\100\004\076\004\063\004\100\004\060\004\074\004\074\004\113\000\040\000P\000a\000c\000k\000e\000t\000\040\000T\000r\000a\000c\000e\000r}{subsection.4.1}% 16
\BOOKMARK [3][-]{subsubsection.4.1.2}{\376\377\004\047\004\060\004\101\004\102\004\114\000\040\0002\000.\000\040\004\033\004\076\004\072\004\060\004\073\004\114\004\075\004\113\004\065\000\040\004\101\004\065\004\102\004\070\000,\000\040\000W\000A\000N\000\040\004\070\000\040\004\030\004\075\004\102\004\065\004\100\004\075\004\065\004\102}{subsection.4.1}% 17
\BOOKMARK [2][-]{subsection.4.2}{\376\377\004\027\004\060\004\064\004\060\004\075\004\070\004\065\000\040\0003\000.\0002\000.\000\040\004\040\004\065\004\066\004\070\004\074\004\113\000\040\004\100\004\060\004\061\004\076\004\102\004\113\000\040\004\070\000\040\004\072\004\076\004\074\004\060\004\075\004\064\004\113\000\040\000C\000L\000I}{section.4}% 18
\BOOKMARK [3][-]{subsubsection.4.2.1}{\376\377\004\047\004\060\004\101\004\102\004\114\000\040\0001\000.\000\040\004\021\004\060\004\067\004\076\004\062\004\076\004\065\000\040\004\077\004\076\004\064\004\072\004\073\004\116\004\107\004\065\004\075\004\070\004\065\000\040\004\070\000\040\004\101\004\077\004\100\004\060\004\062\004\072\004\060}{subsection.4.2}% 19
\BOOKMARK [3][-]{subsubsection.4.2.2}{\376\377\004\047\004\060\004\101\004\102\004\114\000\040\0002\000.\000\040\004\030\004\067\004\103\004\107\004\065\004\075\004\070\004\065\000\040\004\100\004\065\004\066\004\070\004\074\004\076\004\062\000\040\004\062\004\062\004\076\004\064\004\060}{subsection.4.2}% 20
\BOOKMARK [3][-]{subsubsection.4.2.3}{\376\377\004\047\004\060\004\101\004\102\004\114\000\040\0003\000.\000\040\004\035\004\060\004\101\004\102\004\100\004\076\004\071\004\072\004\060\000\040\004\107\004\060\004\101\004\076\004\062}{subsection.4.2}% 21
\BOOKMARK [2][-]{subsection.4.3}{\376\377\004\027\004\060\004\064\004\060\004\075\004\070\004\065\000\040\0003\000.\0003\000.\000\040\004\037\004\065\004\100\004\062\004\076\004\075\004\060\004\107\004\060\004\073\004\114\004\075\004\060\004\117\000\040\004\075\004\060\004\101\004\102\004\100\004\076\004\071\004\072\004\060\000\040\004\061\004\065\004\067\004\076\004\077\004\060\004\101\004\075\004\076\004\101\004\102\004\070}{section.4}% 22
\BOOKMARK [3][-]{subsubsection.4.3.1}{\376\377\004\047\004\060\004\101\004\102\004\114\000\040\0001\000.\000\040\004\032\004\076\004\075\004\104\004\070\004\063\004\103\004\100\004\060\004\106\004\070\004\117\000\040\004\077\004\076\000\040\004\103\004\074\004\076\004\073\004\107\004\060\004\075\004\070\004\116}{subsection.4.3}% 23
\BOOKMARK [3][-]{subsubsection.4.3.2}{\376\377\004\047\004\060\004\101\004\102\004\114\000\040\0002\000.\000\040\004\036\004\101\004\075\004\076\004\062\004\075\004\113\004\065\000\040\004\077\004\060\004\100\004\060\004\074\004\065\004\102\004\100\004\113\000\040\004\072\004\076\004\074\004\074\004\103\004\102\004\060\004\102\004\076\004\100\004\060}{subsection.4.3}% 24
\BOOKMARK [3][-]{subsubsection.4.3.3}{\376\377\004\047\004\060\004\101\004\102\004\114\000\040\0003\000.\000\040\004\021\004\060\004\075\004\075\004\065\004\100\000\040\000M\000O\000T\000D}{subsection.4.3}% 25
\BOOKMARK [3][-]{subsubsection.4.3.4}{\376\377\004\047\004\060\004\101\004\102\004\114\000\040\0004\000.\000\040\004\041\004\076\004\105\004\100\004\060\004\075\004\065\004\075\004\070\004\065\000\040\004\072\004\076\004\075\004\104\004\070\004\063\004\103\004\100\004\060\004\106\004\070\004\070}{subsection.4.3}% 26
\BOOKMARK [3][-]{subsubsection.4.3.5}{\376\377\004\047\004\060\004\101\004\102\004\114\000\040\0005\000.\000\040\004\035\004\060\004\101\004\102\004\100\004\076\004\071\004\072\004\060\000\040\000S\0002}{subsection.4.3}% 27
\BOOKMARK [2][-]{subsection.4.4}{\376\377\004\027\004\060\004\064\004\060\004\075\004\070\004\065\000\040\0003\000.\0004\000.\000\040\000A\000R\000P\000\040\004\070\000\040\000W\000i\000r\000e\000s\000h\000a\000r\000k}{section.4}% 28
\BOOKMARK [3][-]{subsubsection.4.4.1}{\376\377\004\047\004\060\004\101\004\102\004\114\000\040\0001\000.\000\040\004\037\004\100\004\076\004\101\004\074\004\076\004\102\004\100\000\040\000A\000R\000P\000-\004\072\004\115\004\110\004\060}{subsection.4.4}% 29
\BOOKMARK [3][-]{subsubsection.4.4.2}{\376\377\004\047\004\060\004\101\004\102\004\114\000\040\0002\000.\000\040\004\040\004\103\004\107\004\075\004\060\004\117\000\040\004\100\004\060\004\061\004\076\004\102\004\060\000\040\004\101\000\040\004\072\004\115\004\110\004\065\004\074}{subsection.4.4}% 30
\BOOKMARK [3][-]{subsubsection.4.4.3}{\376\377\004\047\004\060\004\101\004\102\004\114\000\040\0003\000.\000\040\004\027\004\060\004\105\004\062\004\060\004\102\000\040\004\101\004\076\004\076\004\061\004\111\004\065\004\075\004\070\004\071\000\040\000A\000R\000P}{subsection.4.4}% 31
\BOOKMARK [2][-]{subsection.4.5}{\376\377\004\027\004\060\004\064\004\060\004\075\004\070\004\065\000\040\0003\000.\0005\000.\000\040\000S\000k\000i\000l\000l\000s\000\040\000I\000n\000t\000e\000g\000r\000a\000t\000i\000o\000n\000\040\000C\000h\000a\000l\000l\000e\000n\000g\000e}{section.4}% 32
\BOOKMARK [2][-]{subsection.4.6}{\376\377\004\027\004\060\004\064\004\060\004\075\004\070\004\065\000\040\0003\000.\0006\000.\000\040\004\030\004\067\004\103\004\107\004\065\004\075\004\070\004\065\000\040\004\074\004\065\004\066\004\101\004\065\004\102\004\065\004\062\004\113\004\105\000\040\004\103\004\101\004\102\004\100\004\076\004\071\004\101\004\102\004\062}{section.4}% 33
\BOOKMARK [3][-]{subsubsection.4.6.1}{\376\377\004\047\004\060\004\101\004\102\004\114\000\040\0001\000.\000\040\004\044\004\070\004\067\004\070\004\107\004\065\004\101\004\072\004\070\004\065\000\040\004\105\004\060\004\100\004\060\004\072\004\102\004\065\004\100\004\070\004\101\004\102\004\070\004\072\004\070}{subsection.4.6}% 34
\BOOKMARK [3][-]{subsubsection.4.6.2}{\376\377\004\047\004\060\004\101\004\102\004\114\000\040\0002\000.\000\040\004\034\004\076\004\064\004\103\004\073\004\070\000\040\004\070\000\040\004\077\004\076\004\064\004\072\004\073\004\116\004\107\004\065\004\075\004\070\004\065}{subsection.4.6}% 35
\BOOKMARK [3][-]{subsubsection.4.6.3}{\376\377\004\047\004\060\004\101\004\102\004\114\000\040\0003\000.\000\040\004\037\004\076\004\064\004\072\004\073\004\116\004\107\004\065\004\075\004\070\004\065\000\040\004\103\004\101\004\102\004\100\004\076\004\071\004\101\004\102\004\062}{subsection.4.6}% 36
\BOOKMARK [1][-]{section.5}{\376\377\004\036\004\102\004\062\004\065\004\102\004\113\000\040\004\075\004\060\000\040\004\072\004\076\004\075\004\102\004\100\004\076\004\073\004\114\004\075\004\113\004\065\000\040\004\062\004\076\004\077\004\100\004\076\004\101\004\113}{}% 37
\BOOKMARK [2][-]{subsection.5.1}{\376\377\004\036\004\102\004\062\004\065\004\102\004\113\000\040\004\077\004\076\000\040\000A\000R\000P}{section.5}% 38
\BOOKMARK [1][-]{section.6}{\376\377\004\027\004\060\004\072\004\073\004\116\004\107\004\065\004\075\004\070\004\065}{}% 39
\BOOKMARK [1][-]{section.7}{\376\377\004\030\004\073\004\073\004\116\004\101\004\102\004\100\004\060\004\106\004\070\004\070\000\040\004\062\004\113\004\077\004\076\004\073\004\075\004\065\004\075\004\070\004\117\000\040\004\067\004\060\004\064\004\060\004\075\004\070\004\071}{}% 40
\BOOKMARK [2][-]{subsection.7.1}{\376\377\004\027\004\075\004\060\004\072\004\076\004\074\004\101\004\102\004\062\004\076\000\040\004\101\000\040\000P\000a\000c\000k\000e\000t\000\040\000T\000r\000a\000c\000e\000r}{section.7}% 41
\BOOKMARK [2][-]{subsection.7.2}{\376\377\004\035\004\060\004\062\004\070\004\063\004\060\004\106\004\070\004\117\000\040\004\077\004\076\000\040\000C\000i\000s\000c\000o\000\040\000I\000O\000S}{section.7}% 42
\BOOKMARK [2][-]{subsection.7.3}{\376\377\004\037\004\065\004\100\004\062\004\076\004\075\004\060\004\107\004\060\004\073\004\114\004\075\004\060\004\117\000\040\004\075\004\060\004\101\004\102\004\100\004\076\004\071\004\072\004\060\000\040\004\072\004\076\004\074\004\074\004\103\004\102\004\060\004\102\004\076\004\100\004\060}{section.7}% 43
\BOOKMARK [2][-]{subsection.7.4}{\376\377\004\032\004\076\004\074\004\077\004\073\004\065\004\072\004\101\004\075\004\060\004\117\000\040\004\075\004\060\004\101\004\102\004\100\004\076\004\071\004\072\004\060\000\040\004\101\004\065\004\102\004\070}{section.7}% 44
\BOOKMARK [2][-]{subsection.7.5}{\376\377\004\030\004\067\004\103\004\107\004\065\004\075\004\070\004\065\000\040\004\074\004\065\004\066\004\101\004\065\004\102\004\065\004\062\004\113\004\105\000\040\004\103\004\101\004\102\004\100\004\076\004\071\004\101\004\102\004\062}{section.7}% 45
